Compiling 154 files with Solc 0.8.26
